........................................................................ [  4%]
........................................................................ [  8%]
........................................................................ [ 12%]
........................................................................ [ 16%]
........................................................................ [ 20%]
........................................................................ [ 24%]
........................................................................ [ 28%]
........................................................................ [ 32%]
........................................................................ [ 36%]
........................................................................ [ 40%]
........................................................................ [ 45%]
........................................................................ [ 49%]
........................................................................ [ 53%]
........................................................................ [ 57%]
........................................................................ [ 61%]
........................................................................ [ 65%]
........................................................................ [ 69%]
........................................................................ [ 73%]
........................................................................ [ 77%]
........................................................................ [ 81%]
........................................................................ [ 86%]
........................................................................ [ 90%]
........................................................................ [ 94%]
........................................................................ [ 98%]
...............ssssss........                                            [100%]
=========================== short test summary info ============================
SKIPPED [1] tests/test_unbuilt_rules.py:6: r2-10: compaction strategy suite and performance/cost policy are unbuilt
SKIPPED [1] tests/test_unbuilt_rules.py:12: r7-16: edge-on terminal stack mode is unbuilt
SKIPPED [1] tests/test_unbuilt_rules.py:18: r8-11: hardware tiers with different primitive budgets are unbuilt
SKIPPED [1] tests/test_unbuilt_rules.py:24: r9-6: per-role strongest/leaf model policies await SD-018
SKIPPED [1] tests/test_unbuilt_rules.py:30: r8-3: R10 superseded the Cube; flat focus camera awaits owner ruling
SKIPPED [1] tests/test_unbuilt_rules.py:36: r8-7: hue-band validator is unbuilt; owner has not defined numeric bands
1751 passed, 6 skipped, 3 deselected in 49.63s
