
> harness-web@0.1.0 test:unit
> node --experimental-strip-types --test tests/*.test.mjs

✔ queue decision payloads never claim a machine identity (1.166ms)
(node:98745) Warning: `--localstorage-file` was provided without a valid path
(Use `node --trace-warnings ...` to show where the warning was created)
✔ a named stack remains bound across movement and persisted layout reload (4.815708ms)
✔ an unavailable named stack stays unattuned and Everything still overrides it (0.140958ms)
✔ two Context Bars instances can attune to two different nearby threads (0.09175ms)
✔ drag geometry immediately reattunes a consumer (0.165083ms)
✔ an exact tie is random once and sticky until the layout changes (6.899792ms)
✔ a sticky tie pick survives reload but rejects malformed stored state (0.158708ms)
✔ layer distance participates in proximity with one unit per tab step (0.082583ms)
✔ conversation mode switches the same source between one thread and the Deck stack (0.109084ms)
✔ GLOBAL and zero-source ATTUNED badges state their exact truth (0.070125ms)
✔ the conversation exposes the screenshot without opening its binary diagnostics (0.815958ms)
✔ renders URL-safe binary as an image and elides nested diagnostic copies without mutation (0.219875ms)
✔ app settings own the live theme, transcript backup, and layout controls (16.762166ms)
✔ module settings expose only bound scope controls and remove dead Palace scope (1.655208ms)
✔ internal implementation labels do not reach the owner surface (75.925917ms)
✔ snapshot and connection walls quote their actual error messages (74.925459ms)
✔ module host wall rejects external origins and accepts a local port (11.807292ms)
✔ focused Conversation does not reselect its already-authoritative thread before send (0.644417ms)
✔ formats money, percentages, and quantities for a glanceable instrument (1.185708ms)
✔ rejects non-decimal money and non-finite measurements (0.178625ms)
✔ names the owner-facing instrument Spend at the production manifest seam (9.412542ms)
✔ image preparation validates signature and emits canonical input plus compact view (8.482833ms)
✔ image preparation rejects every local invalidity with a usable remedy (1.479292ms)
✔ composer image UX is focus-scoped, accessible, reconnectable, and responsive (8.73975ms)
✔ lifecycle overlays return in one click while instruments live on the stage (9.10275ms)
✔ thread-list archive targets the existing extraction action by thread identity (1.99675ms)
✔ instrument remotes remain scrollable without being fixed host overlays (1.553417ms)
✔ Injection scope is owned by the shared module settings slot (6.404334ms)
✔ Run DEEP and Audition share explicit readable secondary-action states (1.923584ms)
✔ Graph and Injection remotes share a real viewport scroll container (6.856292ms)
✔ layout audit catches interactive overlap without rejecting shared edges (1.360792ms)
✔ layout audit reports clipped text independently of box collisions (0.077125ms)
✔ layout audit reports visual text collisions within each rendered surface (0.104125ms)
✔ stage source keeps rare controls in settings and lets thread titles wrap in full (13.815167ms)
✔ presents server-authored learning truth in human numbers (0.858541ms)
✔ describes the first background retrain honestly before a durable run exists (0.0955ms)
✔ positions live and generation scores on one timeline without deriving either score (0.882417ms)
✔ does not invent a proposal score when weighted evidence is not recorded (0.086791ms)
✔ quiet refresh preserves controls until scope or active generation changes (0.083833ms)
✔ quiet progress refresh expires only a retrain notice and preserves owner interaction (0.861459ms)
✔ freezes the owner control copy (0.088042ms)
✔ extracts one shared telemetry view and refuses a missing learning view (0.1115ms)
✔ the finished Deck keeps proposed replies same-turn, editable, ordered, and journaled (7.874417ms)
✔ keeps the highest-signal label when graph labels collide (1.3465ms)
✔ retains separated labels with non-overlapping boxes inside the graph viewbox (7.285375ms)
✔ rebinds a selected Graph node to the refreshed snapshot or clears it (0.630541ms)
✔ Graph node activation publishes memory identity without opening an overlay (25.813417ms)
✔ only exposes a Graph snapshot matching the pending scope and thread request (0.812209ms)
✔ does not query ATTUNED memory until a thread identity exists (8.205417ms)
✔ agent-file jump-start offers one explicit route into ordinary seed review (8.742417ms)
✔ Memory Ingest is a movable panel rather than a header control or lifecycle overlay (1.533ms)
✔ judged Symphony batches reuse Palace Queue and retain explicit owner consent (1.323ms)
✔ curator proposals expose Palace activity and use only explicit queue decisions (1.876417ms)
✔ keeps the memory editor mounted for its authoritative save result (3.818584ms)
✔ nebula creates exactly one deterministic body per active memory (1.470083ms)
✔ activity and provenance modes produce different named data transforms (0.152167ms)
✔ memory current emits only real revision events and replays byte-identically (2.415834ms)
✔ real graph edges alone create filaments and duplicate-family creatures (0.358ms)
✔ historical similarity families anchor to their latest real events (0.148541ms)
✔ provenance binds the released Palace thread_origin compatibility field (0.101666ms)
✔ production source uses the ruled Three stack and forbids random geometry (8.818875ms)
✔ the Rack exposes one file press path and projects only the validated record (1.162167ms)
✔ double press is deterministic and emits only CSS token data (30.637ms)
✔ a low-contrast monochrome plate is refused with a named remedy (0.597959ms)
✔ stored colorways round-trip through the validated local data boundary (1.969833ms)
✔ renders a project path only after authoritative snapshot acknowledgement (0.62625ms)
✔ accepts canonical filesystem and legacy project paths and rejects ambiguous shapes (0.27225ms)
✔ lists known non-null paths without turning legacy null into a silent match (6.661667ms)
✔ changes project-editor identity when either thread or authoritative project changes (0.084041ms)
✔ re-renders project control from authoritative context at every reconciliation boundary (0.177625ms)
✔ chooses the newest existing thread for a project and no thread from another project (0.081916ms)
✔ the project-conflict message owns a shrinkable anywhere-wrapping flex item (4.600459ms)
✔ Project input Enter and form submit share one project-open path (1.237792ms)
✔ Project input commits an edited path when focus leaves the field (1.971416ms)
✔ Project control derives its visible draft from snapshot reconciliation (1.170667ms)
✔ Rack exposes only snapshot-acknowledged project bindings (10.763959ms)
✔ provider refusal wire detail and terminal voice stay distinct (3.814458ms)
✔ reports an asynchronous rack action failure before rethrowing it (1.371333ms)
✔ does not report a rack action that reconciles successfully (0.103458ms)
✔ bridge message kinds stay closed and only control manifests receive scorer writes (27.303292ms)
(node:98769) Warning: `--localstorage-file` was provided without a valid path
(Use `node --trace-warnings ...` to show where the warning was created)
✔ the module template enumerates the complete mounted stage and refuses a partial affordance (1.595708ms)
✔ Vitals moves, resizes inside manifest bounds, and restores from persisted layout (0.485208ms)
✔ panel edge resize trades with the neighbor under that edge (0.120958ms)
✔ production manifests and frames are wired through the shared template (11.439583ms)
(node:98770) Warning: `--localstorage-file` was provided without a valid path
(Use `node --trace-warnings ...` to show where the warning was created)
✔ custom bundles cannot replace built-in modules and retain the isolated document policy (0.786583ms)
✔ an imported plugin keeps its Stage placement across reload (6.694ms)
✔ rack iframe boundary strips private image material without mutating the host outbox (1.351458ms)
✔ recipe graph validates the visible frontier and lays dependencies left to right (2.525083ms)
✔ recipe graph refuses edges and frontier marks that invent graph truth (0.454459ms)
✔ completion grid keeps packet rows distinct and fuses dependency streams rightward (1.017916ms)
✔ recipe graph refuses a cycle instead of inventing completion order (0.184625ms)
✔ recipe module declares the annotated-sheet grammar and its complete data key (19.160666ms)
✔ admits only a same-thread error and snapshot while the barrier remains active (1.205292ms)
✔ preserves only a project-context conflict through snapshot reconciliation (0.098792ms)
✔ snap-touching modules form one transitive frame within their layer (1.521042ms)
✔ a local watcher sees only its frame while GLOBAL escapes position (0.219125ms)
✔ parses conversation, model, reasoning, cache, and purpose rows without re-accounting (0.915291ms)
✔ keeps partial pricing explicit and rejects impossible receipt counts (0.265375ms)
✔ accepts an empty attuned slice and rejects duplicate conversation rows (1.386042ms)
(node:98776) Warning: `--localstorage-file` was provided without a valid path
(Use `node --trace-warnings ...` to show where the warning was created)
✔ layer switching preserves independent camera and module layouts through reload (3.933ms)
✔ module and layer removal round-trip exact retained state through the library (0.3505ms)
✔ whole-stage fit and off-screen classification use the same camera geometry (0.080875ms)
✔ off-screen recovery fits Recipe and Conversation stack at native scale inside 390 by 844 (0.217583ms)
✔ off-screen recovery preserves module size when centered geometry fits (0.090333ms)
✔ factory layers contain Graph and Injection as stage modules, never fixed tabs (0.0645ms)
✔ three visualization modules move from the library without duplicate stored identities (0.216958ms)
✔ Palace State is mounted beside Spend and survives the shared library lifecycle (0.087333ms)
✔ Palace Nebula begins in the Graph library and migrates existing layouts once (0.175209ms)
✔ Memory Ingest is a factory Stage module and joins an existing v3 layout once (0.234292ms)
✔ Recipe joins the chosen layer from Library and round-trips its placement (0.088458ms)
✔ Spend can shrink to one cell and grow to the complete Stage grid (0.1005ms)
✔ Conversation, Context Bars, Spend, and Graph can each add independent Stage instances (0.210292ms)
✔ create layer appends one active empty tab without disturbing existing layers (0.092875ms)
✔ v4 Chat and Deck layouts migrate cleanly into focused and stack Conversation instances (0.157541ms)
✔ v2 layouts migrate into the centered fine coordinate space with screen geometry preserved (0.118584ms)
(node:98777) Warning: `--localstorage-file` was provided without a valid path
(Use `node --trace-warnings ...` to show where the warning was created)
✔ the centered canvas is four times larger per axis and carries a subordinate fine grid (12.508917ms)
✔ every module and the stage-owned floating shells carry the shared chamfer language (2.233125ms)
✔ the Stage exposes a labelled one-click layer creator beside its tabs (1.608291ms)
✔ split-planning refusal with null optional provider fields is terminal (1.199833ms)
✔ context-limit remedy with null optional provider codes is terminal (0.074458ms)
✔ owner connection copy never claims whole-product health from the socket alone (0.750708ms)
✔ source tree product copy rejects internal words and work identifiers (86.037917ms)
✔ owner surfaces state the situation without daemon, factory, or link jargon (2.870625ms)
✔ The Deck exposes all three conductor interventions and an owner demand lineage (5.026959ms)
✔ Symphony deliberation is human-fixed, signed, separately identified, and returned inline (4.433125ms)
✔ shared settings and descriptive hover tips have no strip-specific chrome escape (2.919416ms)
✔ archive is icon-compact while Model Device advertises its click action (0.851958ms)
✔ five theme identities remain closed with NEO-NOIR as the safe default (1.543708ms)
✔ stored theme and iframe query parsing fail closed to the worn default (0.278167ms)
✔ thread locality is exact at the wire and visible after project provenance (0.639708ms)
✔ recognizes and masks the retired fixture title through its migration fingerprint (0.691792ms)
✔ does not redact an owner thread or alter older cleanup recognition (0.071417ms)
✔ shortens a long generated title only at a complete-word boundary (0.049333ms)
✔ directory layout preserves every chamber and cell and replays identically (1.616875ms)
✔ roots grow only to their recorded end and preserve identity on replay (0.199334ms)
✔ parses the exact server-provided vitals shape without re-accounting (1.931709ms)
✔ accepts the exact current Vitals source and rejects unknown accounting sources (0.233125ms)
✔ parses honest partial resource measurements without inventing zeroes (0.092291ms)
✔ preserves exact decimal scale and distinguishes an unpriced point (0.092209ms)
✔ rejects unavailable gauges masquerading as measured zeroes (0.074084ms)
✔ finds scrub buckets and uses decimals only for SVG geometry (0.165833ms)
✔ does not invent a trend line across empty or unpriced minute buckets (0.593208ms)
✔ collapse reallocates rows instead of overlaying Chat (0.073833ms)
✔ narrow collapsed Vitals reserves its full row for learning before lower-priority cells (2.577167ms)
ℹ tests 144
ℹ suites 0
ℹ pass 144
ℹ fail 0
ℹ cancelled 0
ℹ skipped 0
ℹ todo 0
ℹ duration_ms 678.026208
